// Jest Snapshot v1, https://goo.gl/fbAQLP

exports[`test mainPage test mainPage 1`] = `
<Fragment>
  <nav
    className="bg-White dark:bg-DarkBlue drop-shadow-md md:relative "
  >
    <div
      className="max-w-7xl mx-auto flex justify-between items-center px-4 py-6"
    >
      <Link
        to="/"
      >
        <h1
          className=" font-semibold text-lg md:text-xl "
        >
          Where is the world ?
        </h1>
      </Link>
      <button
        className="flex gap-1 items-center"
        onClick={[Function]}
      >
        <img
          alt="theme"
          className="w-4 dark:w-5 dark:invert"
          src="sunIcon.svg"
        />
        Light
         Mode
      </button>
    </div>
  </nav>
</Fragment>
`;
